
> dev-guides-frontend@0.0.1 build
> vite build

[36mvite v8.0.2 [32mbuilding ssr environment for production...[36m[39m
[2K
transforming...Γ£ô 4863 modules transformed.
Γ£ù Build failed in 12.14s
error during build:
Build failed with 1 error:

[plugin vite-plugin-svelte:compile] E:/dev-guides/frontend/src/routes/settings/+page.svelte:157:25
RolldownError: E:/dev-guides/frontend/src/routes/settings/+page.svelte:157:25 `</CardTitle>` attempted to close an element that was not open
https://svelte.dev/e/element_invalid_closing_tag
 155 |          <Card.Root>
 156 |            <Card.Header>
 157 |              <Card.Title>Profile</CardTitle>
                                       ^
 158 |              <Card.Description>Update your basic account information.</CardDescription>
 159 |            </Card.Header>
    at aggregateBindingErrorsIntoJsError (file:///E:/dev-guides/frontend/node_modules/rolldown/dist/shared/error-D8cGyrC7.mjs:48:18)
    at unwrapBindingResult (file:///E:/dev-guides/frontend/node_modules/rolldown/dist/shared/error-D8cGyrC7.mjs:18:128)
    at #build (file:///E:/dev-guides/frontend/node_modules/rolldown/dist/shared/rolldown-build-CL9PyQ2E.mjs:3313:34)
    at async buildEnvironment (file:///E:/dev-guides/frontend/node_modules/vite/dist/node/chunks/node.js:32829:64)
    at async Object.build (file:///E:/dev-guides/frontend/node_modules/vite/dist/node/chunks/node.js:33251:19)
    at async Object.buildApp (file:///E:/dev-guides/frontend/node_modules/vite/dist/node/chunks/node.js:33248:153)
    at async CAC.<anonymous> (file:///E:/dev-guides/frontend/node_modules/vite/dist/node/cli.js:778:3) {
  errors: [Getter/Setter]
}
